node:internal/modules/esm/resolve:271
    throw new ERR_MODULE_NOT_FOUND(
          ^

Error [ERR_MODULE_NOT_FOUND]: Cannot find module '/Users/miloszmeski/Desktop/strona meski ai/email-ai-agent/test-analysis.ts' imported from /Users/miloszmeski/Desktop/strona meski ai/email-ai-agent/
    at finalizeResolution (node:internal/modules/esm/resolve:271:11)
    at moduleResolve (node:internal/modules/esm/resolve:865:10)
    at defaultResolve (node:internal/modules/esm/resolve:992:11)
    at #cachedDefaultResolve (node:internal/modules/esm/loader:701:20)
    at #resolveAndMaybeBlockOnLoaderThread (node:internal/modules/esm/loader:721:38)
    at nextStep (node:internal/modules/customization_hooks:189:26)
    at resolveBaseSync (file:///Users/miloszmeski/.npm/_npx/fd45a72a545557e9/node_modules/tsx/dist/register-C4vWVmug.mjs:2:10932)
    at resolveDirectorySync (file:///Users/miloszmeski/.npm/_npx/fd45a72a545557e9/node_modules/tsx/dist/register-C4vWVmug.mjs:2:12238)
    at resolveTsPathsSync (file:///Users/miloszmeski/.npm/_npx/fd45a72a545557e9/node_modules/tsx/dist/register-C4vWVmug.mjs:2:13445)
    at resolve (file:///Users/miloszmeski/.npm/_npx/fd45a72a545557e9/node_modules/tsx/dist/register-C4vWVmug.mjs:2:15991) {
  code: 'ERR_MODULE_NOT_FOUND',
  url: 'file:///Users/miloszmeski/Desktop/strona%20meski%20ai/email-ai-agent/test-analysis.ts'
}

Node.js v24.18.0
